// Jest Snapshot v1, https://goo.gl/fbAQLP

exports[`Pruebas de Gif Item Debe hacer match con el snapshot 1`] = `
<div>
  <div
    class="card"
  >
    <img
      alt="Titulo prueba"
      src="https://test-url/"
    />
    <p>
      Titulo prueba
    </p>
  </div>
</div>
`;
